<?xml version="1.0" encoding="utf-8"?>
<TestRun id="f55e3362-b01b-44c6-9470-717396fd6154" name="goert@PC-CORSAIR 2022-11-25 11:42:02" runUser="PC-CORSAIR\goert" xmlns="http://microsoft.com/schemas/VisualStudio/TeamTest/2010">
  <Times creation="2022-11-25T11:42:02.3273643+01:00" queuing="2022-11-25T11:42:02.3273646+01:00" start="2022-11-25T11:41:59.1611280+01:00" finish="2022-11-25T11:42:02.3351001+01:00" />
  <TestSettings name="default" id="2532980e-9d92-4d95-bdab-bcd722d9cb70">
    <Deployment runDeploymentRoot="goert_PC-CORSAIR_2022-11-25_11_42_02" />
  </TestSettings>
  <Results>
    <UnitTestResult executionId="b75cc5d7-2fbe-4cb4-a969-5b0144d9d9c6" testId="225b0d60-259b-a970-a8ac-9482d7dc3967" testName="Forums.Test.UnitTest.QueryTests.GetSingleForum_WithoutId" computerName="PC-CORSAIR" duration="00:00:00.0039290" startTime="2022-11-25T11:42:02.0103002+01:00" endTime="2022-11-25T11:42:02.0103006+01:00" testType="13cdc9d9-ddb5-4fa4-a97d-d965ccfc6d4b" outcome="Passed" testListId="8c84fa94-04c1-424b-9868-57a2d4851a1d" relativeResultsDirectory="b75cc5d7-2fbe-4cb4-a969-5b0144d9d9c6" />
    <UnitTestResult executionId="76fceec7-1311-4074-b6af-550f45c32cb7" testId="0d0a182f-c88c-8656-9d62-62f0eb4bf803" testName="Forums.Test.Model.Testing.ForumDTOTest.ConstructorTest" computerName="PC-CORSAIR" duration="00:00:00.0286150" startTime="2022-11-25T11:42:01.9581668+01:00" endTime="2022-11-25T11:42:01.9581919+01:00" testType="13cdc9d9-ddb5-4fa4-a97d-d965ccfc6d4b" outcome="Passed" testListId="8c84fa94-04c1-424b-9868-57a2d4851a1d" relativeResultsDirectory="76fceec7-1311-4074-b6af-550f45c32cb7" />
    <UnitTestResult executionId="be709a60-c3cd-4f93-b0e1-a7e2fe9cc0cb" testId="3fa26289-8f09-3bf9-13fd-8ff80dc547e3" testName="Forums.Test.UnitTest.QueryTests.GetAllForums" computerName="PC-CORSAIR" duration="00:00:00.0830910" startTime="2022-11-25T11:42:02.0062912+01:00" endTime="2022-11-25T11:42:02.0062914+01:00" testType="13cdc9d9-ddb5-4fa4-a97d-d965ccfc6d4b" outcome="Passed" testListId="8c84fa94-04c1-424b-9868-57a2d4851a1d" relativeResultsDirectory="be709a60-c3cd-4f93-b0e1-a7e2fe9cc0cb" />
    <UnitTestResult executionId="3d307ede-e6cf-4ff8-ad6f-dd470543919d" testId="e0bd3887-205b-682e-8eb1-dea97da8acfb" testName="Forums.Test.UnitTest.QueryTests.GetSingleForum" computerName="PC-CORSAIR" duration="00:00:00.0014300" startTime="2022-11-25T11:42:02.0118444+01:00" endTime="2022-11-25T11:42:02.0118446+01:00" testType="13cdc9d9-ddb5-4fa4-a97d-d965ccfc6d4b" outcome="Passed" testListId="8c84fa94-04c1-424b-9868-57a2d4851a1d" relativeResultsDirectory="3d307ede-e6cf-4ff8-ad6f-dd470543919d" />
  </Results>
  <TestDefinitions>
    <UnitTest name="Forums.Test.UnitTest.QueryTests.GetSingleForum_WithoutId" storage="d:\forums.api\forums.test\bin\debug\net6.0\forums.test.dll" id="225b0d60-259b-a970-a8ac-9482d7dc3967">
      <Execution id="b75cc5d7-2fbe-4cb4-a969-5b0144d9d9c6" />
      <TestMethod codeBase="D:\Forums.API\Forums.Test\bin\Debug\net6.0\Forums.Test.dll" adapterTypeName="executor://xunit/VsTestRunner2/netcoreapp" className="Forums.Test.UnitTest.QueryTests" name="GetSingleForum_WithoutId" />
    </UnitTest>
    <UnitTest name="Forums.Test.UnitTest.QueryTests.GetAllForums" storage="d:\forums.api\forums.test\bin\debug\net6.0\forums.test.dll" id="3fa26289-8f09-3bf9-13fd-8ff80dc547e3">
      <Execution id="be709a60-c3cd-4f93-b0e1-a7e2fe9cc0cb" />
      <TestMethod codeBase="D:\Forums.API\Forums.Test\bin\Debug\net6.0\Forums.Test.dll" adapterTypeName="executor://xunit/VsTestRunner2/netcoreapp" className="Forums.Test.UnitTest.QueryTests" name="GetAllForums" />
    </UnitTest>
    <UnitTest name="Forums.Test.UnitTest.QueryTests.GetSingleForum" storage="d:\forums.api\forums.test\bin\debug\net6.0\forums.test.dll" id="e0bd3887-205b-682e-8eb1-dea97da8acfb">
      <Execution id="3d307ede-e6cf-4ff8-ad6f-dd470543919d" />
      <TestMethod codeBase="D:\Forums.API\Forums.Test\bin\Debug\net6.0\Forums.Test.dll" adapterTypeName="executor://xunit/VsTestRunner2/netcoreapp" className="Forums.Test.UnitTest.QueryTests" name="GetSingleForum" />
    </UnitTest>
    <UnitTest name="Forums.Test.Model.Testing.ForumDTOTest.ConstructorTest" storage="d:\forums.api\forums.test\bin\debug\net6.0\forums.test.dll" id="0d0a182f-c88c-8656-9d62-62f0eb4bf803">
      <Execution id="76fceec7-1311-4074-b6af-550f45c32cb7" />
      <TestMethod codeBase="D:\Forums.API\Forums.Test\bin\Debug\net6.0\Forums.Test.dll" adapterTypeName="executor://xunit/VsTestRunner2/netcoreapp" className="Forums.Test.Model.Testing.ForumDTOTest" name="ConstructorTest" />
    </UnitTest>
  </TestDefinitions>
  <TestEntries>
    <TestEntry testId="225b0d60-259b-a970-a8ac-9482d7dc3967" executionId="b75cc5d7-2fbe-4cb4-a969-5b0144d9d9c6" testListId="8c84fa94-04c1-424b-9868-57a2d4851a1d" />
    <TestEntry testId="0d0a182f-c88c-8656-9d62-62f0eb4bf803" executionId="76fceec7-1311-4074-b6af-550f45c32cb7" testListId="8c84fa94-04c1-424b-9868-57a2d4851a1d" />
    <TestEntry testId="3fa26289-8f09-3bf9-13fd-8ff80dc547e3" executionId="be709a60-c3cd-4f93-b0e1-a7e2fe9cc0cb" testListId="8c84fa94-04c1-424b-9868-57a2d4851a1d" />
    <TestEntry testId="e0bd3887-205b-682e-8eb1-dea97da8acfb" executionId="3d307ede-e6cf-4ff8-ad6f-dd470543919d" testListId="8c84fa94-04c1-424b-9868-57a2d4851a1d" />
  </TestEntries>
  <TestLists>
    <TestList name="Results Not in a List" id="8c84fa94-04c1-424b-9868-57a2d4851a1d" />
    <TestList name="All Loaded Results" id="19431567-8539-422a-85d7-44ee4e166bda" />
  </TestLists>
  <ResultSummary outcome="Completed">
    <Counters total="4" executed="4" passed="4" failed="0" error="0" timeout="0" aborted="0" inconclusive="0" passedButRunAborted="0" notRunnable="0" notExecuted="0" disconnected="0" warning="0" completed="0" inProgress="0" pending="0" />
    <Output>
      <StdOut>[xUnit.net 00:00:00.00] xUnit.net VSTest Adapter v2.4.5+1caef2f33e (64-bit .NET 6.0.8)&#xD;
[xUnit.net 00:00:01.03]   Discovering: Forums.Test&#xD;
[xUnit.net 00:00:01.06]   Discovered:  Forums.Test&#xD;
[xUnit.net 00:00:01.06]   Starting:    Forums.Test&#xD;
[xUnit.net 00:00:01.20]   Finished:    Forums.Test&#xD;
</StdOut>
    </Output>
    <CollectorDataEntries>
      <Collector agentName="PC-CORSAIR" uri="datacollector://microsoft/CoverletCodeCoverage/1.0" collectorDisplayName="XPlat code coverage">
        <UriAttachments>
          <UriAttachment>
            <A href="PC-CORSAIR\coverage.cobertura.xml"></A>
          </UriAttachment>
        </UriAttachments>
      </Collector>
    </CollectorDataEntries>
  </ResultSummary>
</TestRun>